// Jest Snapshot v1, https://goo.gl/fbAQLP

exports[`matches snapshot 1`] = `
<DocumentFragment>
  <div>
    <h1>
      Make some Boxes!
    </h1>
    <form>
      <label
        for="background"
      >
        Background Color:
      </label>
      <input
        id="background"
        name="background"
        type="text"
        value=""
      />
      <label
        for="width"
      >
        Width: 
      </label>
      <input
        id="width"
        max="500"
        min="10"
        name="width"
        type="range"
        value=""
      />
      <label
        for="height"
      >
        Height: 
      </label>
      <input
        id="height"
        max="500"
        min="10"
        name="height"
        type="range"
        value=""
      />
      <button>
        Add Box
      </button>
    </form>
  </div>
</DocumentFragment>
`;
